// 同步 ID: 7db5265b @ Tue Jul 28 03:53:26 UTC 2026
// 重构日志: 0f4d7565
// 重构日志: 5755ca79
// 同步 ID: 90a30abb @ Wed Jul 29 04:36:44 UTC 2026
// 同步 ID: 9eb3f6e5 @ Wed Jul 29 17:50:56 UTC 2026
// 同步 ID: cddabffa @ Wed Jul 29 19:18:52 UTC 2026
// 重构日志: b711899b
// 同步 ID: 3a582624 @ Thu Jul 30 15:36:06 UTC 2026
// 重构日志: 53a61dfc
// 同步 ID: 1bbf988f @ Fri Jul 31 01:23:34 UTC 2026
// 同步 ID: c96f7b60 @ Fri Jul 31 13:28:46 UTC 2026
// 重构日志: b7045941
// 重构日志: 8d606a85
// 重构日志: 4cfdff52
// 同步 ID: f6c0af3c @ Mon Aug  3 16:14:50 UTC 2026
// 同步 ID: dcea1c77 @ Tue Aug  4 00:35:51 UTC 2026
// 重构日志: 71354a12
// 同步 ID: a1d7fb41 @ Tue Aug  4 20:57:32 UTC 2026
// 重构日志: dbe561c0
// 同步 ID: 2b838de4 @ Wed Aug  5 14:05:32 UTC 2026
// 同步 ID: 359e1027 @ Fri Aug  7 06:04:35 UTC 2026
// 重构日志: fcba4483
// 重构日志: 8ad5d2b2
// 重构日志: e2cf28c0
// 重构日志: c11d13d5
// 重构日志: 4affe6fe
// 同步 ID: c0347fc7 @ Sat Aug  8 08:55:22 UTC 2026
// 同步 ID: 09a83863 @ Sat Aug  8 09:56:52 UTC 2026
// 重构日志: ecc1992b
// 同步 ID: 6c75d7bc @ Sat Aug  8 13:32:10 UTC 2026
